// Jest Snapshot v1, https://goo.gl/fbAQLP

exports[`BlockPostHero render post hero 1`] = `
<div
  class="post-hero"
>
  <bcontainer-stub
    class="post-hero__container"
    tag="div"
  >
    <h1
      class="post-hero__title"
    >
      
      Совет в декрет! Как подобрать стильные летние платья и сарафаны для беременных?
    
    </h1>
     
    <div
      class="post-hero__date"
    >
      
      17 июля 2018
    
    </div>
     
    <div
      class="post-hero__preview"
    >
      <div
        class="post-hero__image-wrapper"
      >
        <imageloader-stub>
          <picture>
            <source
              data-srcset="/img/posts/post_main_xl.webp"
              media="(min-width: 1500px)"
              srcset="/img/stub.png"
              type="image/webp"
            />
             
            <source
              data-srcset="/img/posts/post_main_xl.jpg"
              media="(min-width: 1500px)"
              srcset="/img/stub.png"
            />
             
            <source
              data-srcset="/img/posts/post_main_lg.webp"
              media="(min-width: 1200px)"
              srcset="/img/stub.png"
              type="image/webp"
            />
             
            <source
              data-srcset="/img/posts/post_main_lg.jpg"
              media="(min-width: 1200px)"
              srcset="/img/stub.png"
            />
             
            <source
              data-srcset="/img/posts/post_main_md.webp"
              media="(min-width: 992px)"
              srcset="/img/stub.png"
              type="image/webp"
            />
             
            <source
              data-srcset="/img/posts/post_main_md.jpg"
              media="(min-width: 992px)"
              srcset="/img/stub.png"
            />
             
            <source
              data-srcset="/img/posts/post_main_sm.webp"
              media="(min-width: 768px)"
              srcset="/img/stub.png"
              type="image/webp"
            />
             
            <source
              data-srcset="/img/posts/post_main_sm.jpg"
              media="(min-width: 768px)"
              srcset="/img/stub.png"
            />
             
            <source
              data-srcset="/img/posts/post_main_xs.webp"
              srcset="/img/stub.png"
              type="image/webp"
            />
             
            <img
              alt="Совет в декрет! Как подобрать стильные летние платья и сарафаны для беременных?"
              class="post-hero__image lazyload"
              data-object-fit="cover"
              data-object-position="center"
              data-src="/img/posts/post_main_xs.jpg"
              loading="lazy"
              src="/img/stub.png"
              title="Совет в декрет! Как подобрать стильные летние платья и сарафаны для беременных?"
            />
          </picture>
        </imageloader-stub>
      </div>
    </div>
  </bcontainer-stub>
</div>
`;
